// Jest Snapshot v1, https://goo.gl/fbAQLP

exports[`expects to render display component 1`] = `[Function]`;
