// Jest Snapshot v1, https://goo.gl/fbAQLP

exports[`expect to render quote page 1`] = `[Function]`;
